Archive member included to satisfy reference by file (symbol)

c:/intelfpga_lite/21.1/nios2eds/bin/gnu/h-x86_64-mingw32/bin/../lib/gcc/nios2-elf/10.3.1/mno-hw-mul\libgcc.a(lib2-divmod.o)
                              obj/default/hello_world_small.o (__divsi3)
c:/intelfpga_lite/21.1/nios2eds/bin/gnu/h-x86_64-mingw32/bin/../lib/gcc/nios2-elf/10.3.1/../../../../../H-x86_64-mingw32/nios2-elf/lib/mno-hw-mul\libsmallc.a(lib_a-atoi.o)
                              obj/default/hello_world_small.o (atoi)
c:/intelfpga_lite/21.1/nios2eds/bin/gnu/h-x86_64-mingw32/bin/../lib/gcc/nios2-elf/10.3.1/../../../../../H-x86_64-mingw32/nios2-elf/lib/mno-hw-mul\libsmallc.a(lib_a-strlen.o)
                              obj/default/hello_world_small.o (strlen)
c:/intelfpga_lite/21.1/nios2eds/bin/gnu/h-x86_64-mingw32/bin/../lib/gcc/nios2-elf/10.3.1/../../../../../H-x86_64-mingw32/nios2-elf/lib/mno-hw-mul\libsmallc.a(lib_a-strtol.o)
                              c:/intelfpga_lite/21.1/nios2eds/bin/gnu/h-x86_64-mingw32/bin/../lib/gcc/nios2-elf/10.3.1/../../../../../H-x86_64-mingw32/nios2-elf/lib/mno-hw-mul\libsmallc.a(lib_a-atoi.o) (_strtol_r)
c:/intelfpga_lite/21.1/nios2eds/bin/gnu/h-x86_64-mingw32/bin/../lib/gcc/nios2-elf/10.3.1/../../../../../H-x86_64-mingw32/nios2-elf/lib/mno-hw-mul\libsmallc.a(lib_a-ctype_.o)
                              c:/intelfpga_lite/21.1/nios2eds/bin/gnu/h-x86_64-mingw32/bin/../lib/gcc/nios2-elf/10.3.1/../../../../../H-x86_64-mingw32/nios2-elf/lib/mno-hw-mul\libsmallc.a(lib_a-strtol.o) (_ctype_)
c:/intelfpga_lite/21.1/nios2eds/bin/gnu/h-x86_64-mingw32/bin/../lib/gcc/nios2-elf/10.3.1/../../../../../H-x86_64-mingw32/nios2-elf/lib/mno-hw-mul\libsmallc.a(lib_a-errno.o)
                              c:/intelfpga_lite/21.1/nios2eds/bin/gnu/h-x86_64-mingw32/bin/../lib/gcc/nios2-elf/10.3.1/../../../../../H-x86_64-mingw32/nios2-elf/lib/mno-hw-mul\libsmallc.a(lib_a-strtol.o) (__errno)
c:/intelfpga_lite/21.1/nios2eds/bin/gnu/h-x86_64-mingw32/bin/../lib/gcc/nios2-elf/10.3.1/../../../../../H-x86_64-mingw32/nios2-elf/lib/mno-hw-mul\libsmallc.a(lib_a-impure.o)
                              c:/intelfpga_lite/21.1/nios2eds/bin/gnu/h-x86_64-mingw32/bin/../lib/gcc/nios2-elf/10.3.1/../../../../../H-x86_64-mingw32/nios2-elf/lib/mno-hw-mul\libsmallc.a(lib_a-strtol.o) (_impure_ptr)
c:/intelfpga_lite/21.1/nios2eds/bin/gnu/h-x86_64-mingw32/bin/../lib/gcc/nios2-elf/10.3.1/mno-hw-mul\libgcc.a(lib2-mul.o)
                              c:/intelfpga_lite/21.1/nios2eds/bin/gnu/h-x86_64-mingw32/bin/../lib/gcc/nios2-elf/10.3.1/../../../../../H-x86_64-mingw32/nios2-elf/lib/mno-hw-mul\libsmallc.a(lib_a-strtol.o) (__mulsi3)
c:/Users/piotrek/Desktop/nauka/semestr_8/TiN/avalon_reg/software/avalon_reg_bsp/\libhal_bsp.a(alt_load.o)
                              c:/Users/piotrek/Desktop/nauka/semestr_8/TiN/avalon_reg/software/avalon_reg_bsp//obj/HAL/src/crt0.o (alt_load)
c:/Users/piotrek/Desktop/nauka/semestr_8/TiN/avalon_reg/software/avalon_reg_bsp/\libhal_bsp.a(alt_main.o)
                              c:/Users/piotrek/Desktop/nauka/semestr_8/TiN/avalon_reg/software/avalon_reg_bsp//obj/HAL/src/crt0.o (alt_main)
c:/Users/piotrek/Desktop/nauka/semestr_8/TiN/avalon_reg/software/avalon_reg_bsp/\libhal_bsp.a(alt_putstr.o)
                              obj/default/hello_world_small.o (alt_putstr)
c:/Users/piotrek/Desktop/nauka/semestr_8/TiN/avalon_reg/software/avalon_reg_bsp/\libhal_bsp.a(alt_sys_init.o)
                              c:/Users/piotrek/Desktop/nauka/semestr_8/TiN/avalon_reg/software/avalon_reg_bsp/\libhal_bsp.a(alt_main.o) (alt_irq_init)
c:/Users/piotrek/Desktop/nauka/semestr_8/TiN/avalon_reg/software/avalon_reg_bsp/\libhal_bsp.a(altera_avalon_jtag_uart_write.o)
                              c:/Users/piotrek/Desktop/nauka/semestr_8/TiN/avalon_reg/software/avalon_reg_bsp/\libhal_bsp.a(alt_putstr.o) (altera_avalon_jtag_uart_write)
c:/Users/piotrek/Desktop/nauka/semestr_8/TiN/avalon_reg/software/avalon_reg_bsp/\libhal_bsp.a(alt_dcache_flush_all.o)
                              c:/Users/piotrek/Desktop/nauka/semestr_8/TiN/avalon_reg/software/avalon_reg_bsp/\libhal_bsp.a(alt_load.o) (alt_dcache_flush_all)
c:/Users/piotrek/Desktop/nauka/semestr_8/TiN/avalon_reg/software/avalon_reg_bsp/\libhal_bsp.a(alt_icache_flush_all.o)
                              c:/Users/piotrek/Desktop/nauka/semestr_8/TiN/avalon_reg/software/avalon_reg_bsp/\libhal_bsp.a(alt_load.o) (alt_icache_flush_all)
c:/Users/piotrek/Desktop/nauka/semestr_8/TiN/avalon_reg/software/avalon_reg_bsp/\libhal_bsp.a(altera_nios2_gen2_irq.o)
                              c:/Users/piotrek/Desktop/nauka/semestr_8/TiN/avalon_reg/software/avalon_reg_bsp/\libhal_bsp.a(alt_sys_init.o) (altera_nios2_gen2_irq_init)
c:/intelfpga_lite/21.1/nios2eds/bin/gnu/h-x86_64-mingw32/bin/../lib/gcc/nios2-elf/10.3.1/../../../../../H-x86_64-mingw32/nios2-elf/lib/mno-hw-mul\libsmallc.a(lib_a-memcpy.o)
                              c:/Users/piotrek/Desktop/nauka/semestr_8/TiN/avalon_reg/software/avalon_reg_bsp/\libhal_bsp.a(alt_load.o) (memcpy)

Memory Configuration

Name             Origin             Length             Attributes
reset            0x0000000000008000 0x0000000000000020
onchip_memory2_0 0x0000000000008020 0x0000000000007fe0
*default*        0x0000000000000000 0xffffffffffffffff

Linker script and memory map

LOAD c:/Users/piotrek/Desktop/nauka/semestr_8/TiN/avalon_reg/software/avalon_reg_bsp//obj/HAL/src/crt0.o
LOAD obj/default/hello_world_small.o
LOAD c:/intelfpga_lite/21.1/nios2eds/bin/gnu/h-x86_64-mingw32/bin/../lib/gcc/nios2-elf/10.3.1/../../../../../H-x86_64-mingw32/nios2-elf/lib/mno-hw-mul\libstdc++.a
LOAD c:/intelfpga_lite/21.1/nios2eds/bin/gnu/h-x86_64-mingw32/bin/../lib/gcc/nios2-elf/10.3.1/../../../../../H-x86_64-mingw32/nios2-elf/lib/mno-hw-mul\libm.a
LOAD c:/intelfpga_lite/21.1/nios2eds/bin/gnu/h-x86_64-mingw32/bin/../lib/gcc/nios2-elf/10.3.1/mno-hw-mul\libgcc.a
START GROUP
LOAD c:/intelfpga_lite/21.1/nios2eds/bin/gnu/h-x86_64-mingw32/bin/../lib/gcc/nios2-elf/10.3.1/../../../../../H-x86_64-mingw32/nios2-elf/lib/mno-hw-mul\libsmallc.a
LOAD c:/intelfpga_lite/21.1/nios2eds/bin/gnu/h-x86_64-mingw32/bin/../lib/gcc/nios2-elf/10.3.1/mno-hw-mul\libgcc.a
LOAD c:/Users/piotrek/Desktop/nauka/semestr_8/TiN/avalon_reg/software/avalon_reg_bsp/\libhal_bsp.a
LOAD c:/intelfpga_lite/21.1/nios2eds/bin/gnu/h-x86_64-mingw32/bin/../lib/gcc/nios2-elf/10.3.1/../../../../../H-x86_64-mingw32/nios2-elf/lib/mno-hw-mul\libm.a
END GROUP
LOAD c:/intelfpga_lite/21.1/nios2eds/bin/gnu/h-x86_64-mingw32/bin/../lib/gcc/nios2-elf/10.3.1/mno-hw-mul\libgcc.a
                0x0000000000008000                __alt_mem_onchip_memory2_0 = 0x8000

.entry          0x0000000000008000       0x20
 *(.entry)
 .entry         0x0000000000008000       0x20 c:/Users/piotrek/Desktop/nauka/semestr_8/TiN/avalon_reg/software/avalon_reg_bsp//obj/HAL/src/crt0.o
                0x0000000000008000                __reset
                0x000000000000800c                _exit

.exceptions     0x0000000000008020        0x0
                0x0000000000008020                PROVIDE (__ram_exceptions_start = ABSOLUTE (.))
                0x0000000000008020                . = ALIGN (0x20)
 *(.irq)
 *(.exceptions.entry.label)
 *(.exceptions.entry.user)
 *(.exceptions.entry.ecc_fatal)
 *(.exceptions.entry)
 *(.exceptions.irqtest.user)
 *(.exceptions.irqtest)
 *(.exceptions.irqhandler.user)
 *(.exceptions.irqhandler)
 *(.exceptions.irqreturn.user)
 *(.exceptions.irqreturn)
 *(.exceptions.notirq.label)
 *(.exceptions.notirq.user)
 *(.exceptions.notirq)
 *(.exceptions.soft.user)
 *(.exceptions.soft)
 *(.exceptions.unknown.user)
 *(.exceptions.unknown)
 *(.exceptions.exit.label)
 *(.exceptions.exit.user)
 *(.exceptions.exit)
 *(.exceptions)
                0x0000000000008020                PROVIDE (__ram_exceptions_end = ABSOLUTE (.))
                0x0000000000008020                PROVIDE (__flash_exceptions_start = LOADADDR (.exceptions))

.text           0x0000000000008020      0xa4c
                [!provide]                        PROVIDE (stext = ABSOLUTE (.))
 *(.interp)
 *(.hash)
 *(.dynsym)
 *(.dynstr)
 *(.gnu.version)
 *(.gnu.version_d)
 *(.gnu.version_r)
 *(.rel.init)
 *(.rela.init)
 *(.rel.text .rel.text.* .rel.gnu.linkonce.t.*)
 *(.rela.text .rela.text.* .rela.gnu.linkonce.t.*)
 *(.rel.fini)
 *(.rela.fini)
 *(.rel.rodata .rel.rodata.* .rel.gnu.linkonce.r.*)
 *(.rela.rodata .rela.rodata.* .rela.gnu.linkonce.r.*)
 *(.rel.data .rel.data.* .rel.gnu.linkonce.d.*)
 *(.rela.data .rela.data.* .rela.gnu.linkonce.d.*)
 *(.rel.tdata .rel.tdata.* .rel.gnu.linkonce.td.*)
 *(.rela.tdata .rela.tdata.* .rela.gnu.linkonce.td.*)
 *(.rel.tbss .rel.tbss.* .rel.gnu.linkonce.tb.*)
 *(.rela.tbss .rela.tbss.* .rela.gnu.linkonce.tb.*)
 *(.rel.ctors)
 *(.rela.ctors)
 *(.rel.dtors)
 *(.rela.dtors)
 *(.rel.got)
 *(.rela.got)
 *(.rel.sdata .rel.sdata.* .rel.gnu.linkonce.s.*)
 *(.rela.sdata .rela.sdata.* .rela.gnu.linkonce.s.*)
 *(.rel.sbss .rel.sbss.* .rel.gnu.linkonce.sb.*)
 *(.rela.sbss .rela.sbss.* .rela.gnu.linkonce.sb.*)
 *(.rel.sdata2 .rel.sdata2.* .rel.gnu.linkonce.s2.*)
 *(.rela.sdata2 .rela.sdata2.* .rela.gnu.linkonce.s2.*)
 *(.rel.sbss2 .rel.sbss2.* .rel.gnu.linkonce.sb2.*)
 *(.rela.sbss2 .rela.sbss2.* .rela.gnu.linkonce.sb2.*)
 *(.rel.bss .rel.bss.* .rel.gnu.linkonce.b.*)
 *(.rela.bss .rela.bss.* .rela.gnu.linkonce.b.*)
 *(.rel.plt)
 *(.rela.plt)
 *(.rel.dyn)
 *(.init)
 *(.plt)
 *(.text .stub .text.* .gnu.linkonce.t.*)
 .text          0x0000000000008020       0x3c c:/Users/piotrek/Desktop/nauka/semestr_8/TiN/avalon_reg/software/avalon_reg_bsp//obj/HAL/src/crt0.o
                0x0000000000008020                _start
 .text          0x000000000000805c      0x43c obj/default/hello_world_small.o
                0x000000000000805c                read_uart_register
                0x0000000000008098                write_uart_register
                0x00000000000080e0                uart_set_default_config
                0x0000000000008120                uart_set_baud_rate
                0x0000000000008190                uart_poll
                0x00000000000081ec                uart_write
                0x000000000000822c                print_uart
                0x00000000000082ac                delay
                0x000000000000831c                read_n_bytes_from_uart
                0x00000000000083a4                main
 .text          0x0000000000008498      0x1b4 c:/intelfpga_lite/21.1/nios2eds/bin/gnu/h-x86_64-mingw32/bin/../lib/gcc/nios2-elf/10.3.1/mno-hw-mul\libgcc.a(lib2-divmod.o)
                0x0000000000008498                __divsi3
                0x0000000000008518                __modsi3
                0x000000000000858c                __udivsi3
                0x00000000000085f0                __umodsi3
 .text          0x000000000000864c        0x0 c:/intelfpga_lite/21.1/nios2eds/bin/gnu/h-x86_64-mingw32/bin/../lib/gcc/nios2-elf/10.3.1/../../../../../H-x86_64-mingw32/nios2-elf/lib/mno-hw-mul\libsmallc.a(lib_a-atoi.o)
 .text.atoi     0x000000000000864c        0xc c:/intelfpga_lite/21.1/nios2eds/bin/gnu/h-x86_64-mingw32/bin/../lib/gcc/nios2-elf/10.3.1/../../../../../H-x86_64-mingw32/nios2-elf/lib/mno-hw-mul\libsmallc.a(lib_a-atoi.o)
                0x000000000000864c                atoi
 .text._atoi_r  0x0000000000008658        0xc c:/intelfpga_lite/21.1/nios2eds/bin/gnu/h-x86_64-mingw32/bin/../lib/gcc/nios2-elf/10.3.1/../../../../../H-x86_64-mingw32/nios2-elf/lib/mno-hw-mul\libsmallc.a(lib_a-atoi.o)
                0x0000000000008658                _atoi_r
 .text          0x0000000000008664        0x0 c:/intelfpga_lite/21.1/nios2eds/bin/gnu/h-x86_64-mingw32/bin/../lib/gcc/nios2-elf/10.3.1/../../../../../H-x86_64-mingw32/nios2-elf/lib/mno-hw-mul\libsmallc.a(lib_a-strlen.o)
 .text.strlen   0x0000000000008664       0x1c c:/intelfpga_lite/21.1/nios2eds/bin/gnu/h-x86_64-mingw32/bin/../lib/gcc/nios2-elf/10.3.1/../../../../../H-x86_64-mingw32/nios2-elf/lib/mno-hw-mul\libsmallc.a(lib_a-strlen.o)
                0x0000000000008664                strlen
 .text          0x0000000000008680        0x0 c:/intelfpga_lite/21.1/nios2eds/bin/gnu/h-x86_64-mingw32/bin/../lib/gcc/nios2-elf/10.3.1/../../../../../H-x86_64-mingw32/nios2-elf/lib/mno-hw-mul\libsmallc.a(lib_a-strtol.o)
 .text._strtol_l.constprop.0
                0x0000000000008680      0x210 c:/intelfpga_lite/21.1/nios2eds/bin/gnu/h-x86_64-mingw32/bin/../lib/gcc/nios2-elf/10.3.1/../../../../../H-x86_64-mingw32/nios2-elf/lib/mno-hw-mul\libsmallc.a(lib_a-strtol.o)
 .text._strtol_r
                0x0000000000008890        0x4 c:/intelfpga_lite/21.1/nios2eds/bin/gnu/h-x86_64-mingw32/bin/../lib/gcc/nios2-elf/10.3.1/../../../../../H-x86_64-mingw32/nios2-elf/lib/mno-hw-mul\libsmallc.a(lib_a-strtol.o)
                0x0000000000008890                _strtol_r
 .text.strtol_l
                0x0000000000008894       0x18 c:/intelfpga_lite/21.1/nios2eds/bin/gnu/h-x86_64-mingw32/bin/../lib/gcc/nios2-elf/10.3.1/../../../../../H-x86_64-mingw32/nios2-elf/lib/mno-hw-mul\libsmallc.a(lib_a-strtol.o)
                0x0000000000008894                strtol_l
 .text.strtol   0x00000000000088ac       0x18 c:/intelfpga_lite/21.1/nios2eds/bin/gnu/h-x86_64-mingw32/bin/../lib/gcc/nios2-elf/10.3.1/../../../../../H-x86_64-mingw32/nios2-elf/lib/mno-hw-mul\libsmallc.a(lib_a-strtol.o)
                0x00000000000088ac                strtol
 .text          0x00000000000088c4        0x0 c:/intelfpga_lite/21.1/nios2eds/bin/gnu/h-x86_64-mingw32/bin/../lib/gcc/nios2-elf/10.3.1/../../../../../H-x86_64-mingw32/nios2-elf/lib/mno-hw-mul\libsmallc.a(lib_a-ctype_.o)
 .text          0x00000000000088c4        0x0 c:/intelfpga_lite/21.1/nios2eds/bin/gnu/h-x86_64-mingw32/bin/../lib/gcc/nios2-elf/10.3.1/../../../../../H-x86_64-mingw32/nios2-elf/lib/mno-hw-mul\libsmallc.a(lib_a-errno.o)
 .text.__errno  0x00000000000088c4        0xc c:/intelfpga_lite/21.1/nios2eds/bin/gnu/h-x86_64-mingw32/bin/../lib/gcc/nios2-elf/10.3.1/../../../../../H-x86_64-mingw32/nios2-elf/lib/mno-hw-mul\libsmallc.a(lib_a-errno.o)
                0x00000000000088c4                __errno
 .text          0x00000000000088d0        0x0 c:/intelfpga_lite/21.1/nios2eds/bin/gnu/h-x86_64-mingw32/bin/../lib/gcc/nios2-elf/10.3.1/../../../../../H-x86_64-mingw32/nios2-elf/lib/mno-hw-mul\libsmallc.a(lib_a-impure.o)
 .text          0x00000000000088d0       0x28 c:/intelfpga_lite/21.1/nios2eds/bin/gnu/h-x86_64-mingw32/bin/../lib/gcc/nios2-elf/10.3.1/mno-hw-mul\libgcc.a(lib2-mul.o)
                0x00000000000088d0                __mulsi3
 .text          0x00000000000088f8       0x84 c:/Users/piotrek/Desktop/nauka/semestr_8/TiN/avalon_reg/software/avalon_reg_bsp/\libhal_bsp.a(alt_load.o)
                0x00000000000088f8                alt_load
 .text          0x000000000000897c       0x2c c:/Users/piotrek/Desktop/nauka/semestr_8/TiN/avalon_reg/software/avalon_reg_bsp/\libhal_bsp.a(alt_main.o)
                0x000000000000897c                alt_main
 .text          0x00000000000089a8       0x38 c:/Users/piotrek/Desktop/nauka/semestr_8/TiN/avalon_reg/software/avalon_reg_bsp/\libhal_bsp.a(alt_putstr.o)
                0x00000000000089a8                alt_putstr
 .text          0x00000000000089e0       0x24 c:/Users/piotrek/Desktop/nauka/semestr_8/TiN/avalon_reg/software/avalon_reg_bsp/\libhal_bsp.a(alt_sys_init.o)
                0x00000000000089e0                alt_irq_init
                0x0000000000008a00                alt_sys_init
 .text          0x0000000000008a04       0x30 c:/Users/piotrek/Desktop/nauka/semestr_8/TiN/avalon_reg/software/avalon_reg_bsp/\libhal_bsp.a(altera_avalon_jtag_uart_write.o)
                0x0000000000008a04                altera_avalon_jtag_uart_write
 .text          0x0000000000008a34        0x4 c:/Users/piotrek/Desktop/nauka/semestr_8/TiN/avalon_reg/software/avalon_reg_bsp/\libhal_bsp.a(alt_dcache_flush_all.o)
                0x0000000000008a34                alt_dcache_flush_all
 .text          0x0000000000008a38        0x4 c:/Users/piotrek/Desktop/nauka/semestr_8/TiN/avalon_reg/software/avalon_reg_bsp/\libhal_bsp.a(alt_icache_flush_all.o)
                0x0000000000008a38                alt_icache_flush_all
 .text          0x0000000000008a3c        0x8 c:/Users/piotrek/Desktop/nauka/semestr_8/TiN/avalon_reg/software/avalon_reg_bsp/\libhal_bsp.a(altera_nios2_gen2_irq.o)
                0x0000000000008a3c                altera_nios2_gen2_irq_init
 .text          0x0000000000008a44        0x0 c:/intelfpga_lite/21.1/nios2eds/bin/gnu/h-x86_64-mingw32/bin/../lib/gcc/nios2-elf/10.3.1/../../../../../H-x86_64-mingw32/nios2-elf/lib/mno-hw-mul\libsmallc.a(lib_a-memcpy.o)
 .text.memcpy   0x0000000000008a44       0x28 c:/intelfpga_lite/21.1/nios2eds/bin/gnu/h-x86_64-mingw32/bin/../lib/gcc/nios2-elf/10.3.1/../../../../../H-x86_64-mingw32/nios2-elf/lib/mno-hw-mul\libsmallc.a(lib_a-memcpy.o)
                0x0000000000008a44                memcpy
 *(.gnu.warning.*)
 *(.fini)
                [!provide]                        PROVIDE (__etext = ABSOLUTE (.))
                [!provide]                        PROVIDE (_etext = ABSOLUTE (.))
                [!provide]                        PROVIDE (etext = ABSOLUTE (.))
 *(.eh_frame_hdr)
                0x0000000000008a6c                . = ALIGN (0x4)
                [!provide]                        PROVIDE (__preinit_array_start = ABSOLUTE (.))
 *(.preinit_array)
                [!provide]                        PROVIDE (__preinit_array_end = ABSOLUTE (.))
                [!provide]                        PROVIDE (__init_array_start = ABSOLUTE (.))
 *(.init_array)
                [!provide]                        PROVIDE (__init_array_end = ABSOLUTE (.))
                [!provide]                        PROVIDE (__fini_array_start = ABSOLUTE (.))
 *(.fini_array)
                [!provide]                        PROVIDE (__fini_array_end = ABSOLUTE (.))
 *(.eh_frame)
 *(.gcc_except_table .gcc_except_table.*)
 *(.dynamic)
                [!provide]                        PROVIDE (__CTOR_LIST__ = ABSOLUTE (.))
 *(.ctors)
 *(SORT_BY_NAME(.ctors.*))
                [!provide]                        PROVIDE (__CTOR_END__ = ABSOLUTE (.))
                [!provide]                        PROVIDE (__DTOR_LIST__ = ABSOLUTE (.))
 *(.dtors)
 *(SORT_BY_NAME(.dtors.*))
                [!provide]                        PROVIDE (__DTOR_END__ = ABSOLUTE (.))
 *(.jcr)
                0x0000000000008a6c                . = ALIGN (0x4)

.rodata         0x0000000000008a6c      0x2c8
                0x0000000000008a6c                PROVIDE (__ram_rodata_start = ABSOLUTE (.))
                0x0000000000008a6c                . = ALIGN (0x4)
 *(.rodata .rodata.* .gnu.linkonce.r.*)
 .rodata        0x0000000000008a6c       0x41 obj/default/hello_world_small.o
 *fill*         0x0000000000008aad        0x3 
 .rodata._ctype_
                0x0000000000008ab0      0x101 c:/intelfpga_lite/21.1/nios2eds/bin/gnu/h-x86_64-mingw32/bin/../lib/gcc/nios2-elf/10.3.1/../../../../../H-x86_64-mingw32/nios2-elf/lib/mno-hw-mul\libsmallc.a(lib_a-ctype_.o)
                0x0000000000008ab0                _ctype_
 *fill*         0x0000000000008bb1        0x3 
 .rodata._ctype_b
                0x0000000000008bb4      0x180 c:/intelfpga_lite/21.1/nios2eds/bin/gnu/h-x86_64-mingw32/bin/../lib/gcc/nios2-elf/10.3.1/../../../../../H-x86_64-mingw32/nios2-elf/lib/mno-hw-mul\libsmallc.a(lib_a-ctype_.o)
                0x0000000000008bb4                _ctype_b
 *(.rodata1)
                0x0000000000008d34                . = ALIGN (0x4)
                0x0000000000008d34                PROVIDE (__ram_rodata_end = ABSOLUTE (.))
                0x0000000000008a6c                PROVIDE (__flash_rodata_start = LOADADDR (.rodata))

.rwdata         0x0000000000008d34       0xf0 load address 0x0000000000008e24
                0x0000000000008d34                PROVIDE (__ram_rwdata_start = ABSOLUTE (.))
                0x0000000000008d34                . = ALIGN (0x4)
 *(.got.plt)
 *(.got)
 *(.data1)
 *(.data .data.* .gnu.linkonce.d.*)
 .data          0x0000000000008d34        0x0 c:/Users/piotrek/Desktop/nauka/semestr_8/TiN/avalon_reg/software/avalon_reg_bsp//obj/HAL/src/crt0.o
 .data          0x0000000000008d34        0x0 obj/default/hello_world_small.o
 .data          0x0000000000008d34        0x0 c:/intelfpga_lite/21.1/nios2eds/bin/gnu/h-x86_64-mingw32/bin/../lib/gcc/nios2-elf/10.3.1/mno-hw-mul\libgcc.a(lib2-divmod.o)
 .data          0x0000000000008d34        0x0 c:/intelfpga_lite/21.1/nios2eds/bin/gnu/h-x86_64-mingw32/bin/../lib/gcc/nios2-elf/10.3.1/../../../../../H-x86_64-mingw32/nios2-elf/lib/mno-hw-mul\libsmallc.a(lib_a-atoi.o)
 .data          0x0000000000008d34        0x0 c:/intelfpga_lite/21.1/nios2eds/bin/gnu/h-x86_64-mingw32/bin/../lib/gcc/nios2-elf/10.3.1/../../../../../H-x86_64-mingw32/nios2-elf/lib/mno-hw-mul\libsmallc.a(lib_a-strlen.o)
 .data          0x0000000000008d34        0x0 c:/intelfpga_lite/21.1/nios2eds/bin/gnu/h-x86_64-mingw32/bin/../lib/gcc/nios2-elf/10.3.1/../../../../../H-x86_64-mingw32/nios2-elf/lib/mno-hw-mul\libsmallc.a(lib_a-strtol.o)
 .data          0x0000000000008d34        0x0 c:/intelfpga_lite/21.1/nios2eds/bin/gnu/h-x86_64-mingw32/bin/../lib/gcc/nios2-elf/10.3.1/../../../../../H-x86_64-mingw32/nios2-elf/lib/mno-hw-mul\libsmallc.a(lib_a-ctype_.o)
 .data          0x0000000000008d34        0x0 c:/intelfpga_lite/21.1/nios2eds/bin/gnu/h-x86_64-mingw32/bin/../lib/gcc/nios2-elf/10.3.1/../../../../../H-x86_64-mingw32/nios2-elf/lib/mno-hw-mul\libsmallc.a(lib_a-errno.o)
 .data          0x0000000000008d34        0x0 c:/intelfpga_lite/21.1/nios2eds/bin/gnu/h-x86_64-mingw32/bin/../lib/gcc/nios2-elf/10.3.1/../../../../../H-x86_64-mingw32/nios2-elf/lib/mno-hw-mul\libsmallc.a(lib_a-impure.o)
 .data.impure_data
                0x0000000000008d34       0xe4 c:/intelfpga_lite/21.1/nios2eds/bin/gnu/h-x86_64-mingw32/bin/../lib/gcc/nios2-elf/10.3.1/../../../../../H-x86_64-mingw32/nios2-elf/lib/mno-hw-mul\libsmallc.a(lib_a-impure.o)
 .data          0x0000000000008e18        0x0 c:/intelfpga_lite/21.1/nios2eds/bin/gnu/h-x86_64-mingw32/bin/../lib/gcc/nios2-elf/10.3.1/mno-hw-mul\libgcc.a(lib2-mul.o)
 .data          0x0000000000008e18        0x0 c:/Users/piotrek/Desktop/nauka/semestr_8/TiN/avalon_reg/software/avalon_reg_bsp/\libhal_bsp.a(alt_load.o)
 .data          0x0000000000008e18        0x0 c:/Users/piotrek/Desktop/nauka/semestr_8/TiN/avalon_reg/software/avalon_reg_bsp/\libhal_bsp.a(alt_main.o)
 .data          0x0000000000008e18        0x0 c:/Users/piotrek/Desktop/nauka/semestr_8/TiN/avalon_reg/software/avalon_reg_bsp/\libhal_bsp.a(alt_putstr.o)
 .data          0x0000000000008e18        0x0 c:/Users/piotrek/Desktop/nauka/semestr_8/TiN/avalon_reg/software/avalon_reg_bsp/\libhal_bsp.a(alt_sys_init.o)
 .data          0x0000000000008e18        0x0 c:/Users/piotrek/Desktop/nauka/semestr_8/TiN/avalon_reg/software/avalon_reg_bsp/\libhal_bsp.a(altera_avalon_jtag_uart_write.o)
 .data          0x0000000000008e18        0x0 c:/Users/piotrek/Desktop/nauka/semestr_8/TiN/avalon_reg/software/avalon_reg_bsp/\libhal_bsp.a(alt_dcache_flush_all.o)
 .data          0x0000000000008e18        0x0 c:/Users/piotrek/Desktop/nauka/semestr_8/TiN/avalon_reg/software/avalon_reg_bsp/\libhal_bsp.a(alt_icache_flush_all.o)
 .data          0x0000000000008e18        0x0 c:/Users/piotrek/Desktop/nauka/semestr_8/TiN/avalon_reg/software/avalon_reg_bsp/\libhal_bsp.a(altera_nios2_gen2_irq.o)
 .data          0x0000000000008e18        0x0 c:/intelfpga_lite/21.1/nios2eds/bin/gnu/h-x86_64-mingw32/bin/../lib/gcc/nios2-elf/10.3.1/../../../../../H-x86_64-mingw32/nios2-elf/lib/mno-hw-mul\libsmallc.a(lib_a-memcpy.o)
                0x0000000000010e18                _gp = ABSOLUTE ((. + 0x8000))
                [!provide]                        PROVIDE (gp = _gp)
 *(.rwdata .rwdata.*)
 *(.sdata .sdata.* .gnu.linkonce.s.*)
 .sdata._global_impure_ptr
                0x0000000000008e18        0x4 c:/intelfpga_lite/21.1/nios2eds/bin/gnu/h-x86_64-mingw32/bin/../lib/gcc/nios2-elf/10.3.1/../../../../../H-x86_64-mingw32/nios2-elf/lib/mno-hw-mul\libsmallc.a(lib_a-impure.o)
                0x0000000000008e18                _global_impure_ptr
 .sdata._impure_ptr
                0x0000000000008e1c        0x4 c:/intelfpga_lite/21.1/nios2eds/bin/gnu/h-x86_64-mingw32/bin/../lib/gcc/nios2-elf/10.3.1/../../../../../H-x86_64-mingw32/nios2-elf/lib/mno-hw-mul\libsmallc.a(lib_a-impure.o)
                0x0000000000008e1c                _impure_ptr
 .sdata         0x0000000000008e20        0x4 c:/Users/piotrek/Desktop/nauka/semestr_8/TiN/avalon_reg/software/avalon_reg_bsp/\libhal_bsp.a(alt_sys_init.o)
                0x0000000000008e20                jtag_uart_0
 *(.sdata2 .sdata2.* .gnu.linkonce.s2.*)
                0x0000000000008e24                . = ALIGN (0x4)
                0x0000000000008e24                _edata = ABSOLUTE (.)
                [!provide]                        PROVIDE (edata = ABSOLUTE (.))
                0x0000000000008e24                PROVIDE (__ram_rwdata_end = ABSOLUTE (.))
                0x0000000000008e24                PROVIDE (__flash_rwdata_start = LOADADDR (.rwdata))

.bss            0x0000000000008f14        0xc
                0x0000000000008f14                __bss_start = ABSOLUTE (.)
                [!provide]                        PROVIDE (__sbss_start = ABSOLUTE (.))
                [!provide]                        PROVIDE (___sbss_start = ABSOLUTE (.))
 *(.dynsbss)
 *(.sbss .sbss.* .gnu.linkonce.sb.*)
 .sbss          0x0000000000008f14        0xc c:/Users/piotrek/Desktop/nauka/semestr_8/TiN/avalon_reg/software/avalon_reg_bsp/\libhal_bsp.a(alt_main.o)
                0x0000000000008f14                alt_envp
                0x0000000000008f18                alt_argv
                0x0000000000008f1c                alt_argc
 *(.sbss2 .sbss2.* .gnu.linkonce.sb2.*)
 *(.scommon)
                [!provide]                        PROVIDE (__sbss_end = ABSOLUTE (.))
                [!provide]                        PROVIDE (___sbss_end = ABSOLUTE (.))
 *(.dynbss)
 *(.bss .bss.* .gnu.linkonce.b.*)
 .bss           0x0000000000008f20        0x0 c:/Users/piotrek/Desktop/nauka/semestr_8/TiN/avalon_reg/software/avalon_reg_bsp//obj/HAL/src/crt0.o
 .bss           0x0000000000008f20        0x0 obj/default/hello_world_small.o
 .bss           0x0000000000008f20        0x0 c:/intelfpga_lite/21.1/nios2eds/bin/gnu/h-x86_64-mingw32/bin/../lib/gcc/nios2-elf/10.3.1/mno-hw-mul\libgcc.a(lib2-divmod.o)
 .bss           0x0000000000008f20        0x0 c:/intelfpga_lite/21.1/nios2eds/bin/gnu/h-x86_64-mingw32/bin/../lib/gcc/nios2-elf/10.3.1/../../../../../H-x86_64-mingw32/nios2-elf/lib/mno-hw-mul\libsmallc.a(lib_a-atoi.o)
 .bss           0x0000000000008f20        0x0 c:/intelfpga_lite/21.1/nios2eds/bin/gnu/h-x86_64-mingw32/bin/../lib/gcc/nios2-elf/10.3.1/../../../../../H-x86_64-mingw32/nios2-elf/lib/mno-hw-mul\libsmallc.a(lib_a-strlen.o)
 .bss           0x0000000000008f20        0x0 c:/intelfpga_lite/21.1/nios2eds/bin/gnu/h-x86_64-mingw32/bin/../lib/gcc/nios2-elf/10.3.1/../../../../../H-x86_64-mingw32/nios2-elf/lib/mno-hw-mul\libsmallc.a(lib_a-strtol.o)
 .bss           0x0000000000008f20        0x0 c:/intelfpga_lite/21.1/nios2eds/bin/gnu/h-x86_64-mingw32/bin/../lib/gcc/nios2-elf/10.3.1/../../../../../H-x86_64-mingw32/nios2-elf/lib/mno-hw-mul\libsmallc.a(lib_a-ctype_.o)
 .bss           0x0000000000008f20        0x0 c:/intelfpga_lite/21.1/nios2eds/bin/gnu/h-x86_64-mingw32/bin/../lib/gcc/nios2-elf/10.3.1/../../../../../H-x86_64-mingw32/nios2-elf/lib/mno-hw-mul\libsmallc.a(lib_a-errno.o)
 .bss           0x0000000000008f20        0x0 c:/intelfpga_lite/21.1/nios2eds/bin/gnu/h-x86_64-mingw32/bin/../lib/gcc/nios2-elf/10.3.1/../../../../../H-x86_64-mingw32/nios2-elf/lib/mno-hw-mul\libsmallc.a(lib_a-impure.o)
 .bss           0x0000000000008f20        0x0 c:/intelfpga_lite/21.1/nios2eds/bin/gnu/h-x86_64-mingw32/bin/../lib/gcc/nios2-elf/10.3.1/mno-hw-mul\libgcc.a(lib2-mul.o)
 .bss           0x0000000000008f20        0x0 c:/Users/piotrek/Desktop/nauka/semestr_8/TiN/avalon_reg/software/avalon_reg_bsp/\libhal_bsp.a(alt_load.o)
 .bss           0x0000000000008f20        0x0 c:/Users/piotrek/Desktop/nauka/semestr_8/TiN/avalon_reg/software/avalon_reg_bsp/\libhal_bsp.a(alt_main.o)
 .bss           0x0000000000008f20        0x0 c:/Users/piotrek/Desktop/nauka/semestr_8/TiN/avalon_reg/software/avalon_reg_bsp/\libhal_bsp.a(alt_putstr.o)
 .bss           0x0000000000008f20        0x0 c:/Users/piotrek/Desktop/nauka/semestr_8/TiN/avalon_reg/software/avalon_reg_bsp/\libhal_bsp.a(alt_sys_init.o)
 .bss           0x0000000000008f20        0x0 c:/Users/piotrek/Desktop/nauka/semestr_8/TiN/avalon_reg/software/avalon_reg_bsp/\libhal_bsp.a(altera_avalon_jtag_uart_write.o)
 .bss           0x0000000000008f20        0x0 c:/Users/piotrek/Desktop/nauka/semestr_8/TiN/avalon_reg/software/avalon_reg_bsp/\libhal_bsp.a(alt_dcache_flush_all.o)
 .bss           0x0000000000008f20        0x0 c:/Users/piotrek/Desktop/nauka/semestr_8/TiN/avalon_reg/software/avalon_reg_bsp/\libhal_bsp.a(alt_icache_flush_all.o)
 .bss           0x0000000000008f20        0x0 c:/Users/piotrek/Desktop/nauka/semestr_8/TiN/avalon_reg/software/avalon_reg_bsp/\libhal_bsp.a(altera_nios2_gen2_irq.o)
 .bss           0x0000000000008f20        0x0 c:/intelfpga_lite/21.1/nios2eds/bin/gnu/h-x86_64-mingw32/bin/../lib/gcc/nios2-elf/10.3.1/../../../../../H-x86_64-mingw32/nios2-elf/lib/mno-hw-mul\libsmallc.a(lib_a-memcpy.o)
 *(COMMON)
                0x0000000000008f20                . = ALIGN (0x4)
                0x0000000000008f20                __bss_end = ABSOLUTE (.)

.onchip_memory2_0
                0x0000000000008f20        0x0
                [!provide]                        PROVIDE (_alt_partition_onchip_memory2_0_start = ABSOLUTE (.))
 *(.onchip_memory2_0 .onchip_memory2_0. onchip_memory2_0.*)
                0x0000000000008f20                . = ALIGN (0x4)
                [!provide]                        PROVIDE (_alt_partition_onchip_memory2_0_end = ABSOLUTE (.))
                0x0000000000008f20                _end = ABSOLUTE (.)
                0x0000000000008f20                end = ABSOLUTE (.)
                0x0000000000008f20                __alt_stack_base = ABSOLUTE (.)
                [!provide]                        PROVIDE (_alt_partition_onchip_memory2_0_load_addr = LOADADDR (.onchip_memory2_0))

.stab
 *(.stab)

.stabstr
 *(.stabstr)

.stab.excl
 *(.stab.excl)

.stab.exclstr
 *(.stab.exclstr)

.stab.index
 *(.stab.index)

.stab.indexstr
 *(.stab.indexstr)

.comment        0x0000000000000000       0x2d
 *(.comment)
 .comment       0x0000000000000000       0x2d obj/default/hello_world_small.o
                                         0x2e (size before relaxing)
 .comment       0x000000000000002d       0x2e c:/intelfpga_lite/21.1/nios2eds/bin/gnu/h-x86_64-mingw32/bin/../lib/gcc/nios2-elf/10.3.1/mno-hw-mul\libgcc.a(lib2-divmod.o)
 .comment       0x000000000000002d       0x2e c:/intelfpga_lite/21.1/nios2eds/bin/gnu/h-x86_64-mingw32/bin/../lib/gcc/nios2-elf/10.3.1/../../../../../H-x86_64-mingw32/nios2-elf/lib/mno-hw-mul\libsmallc.a(lib_a-atoi.o)
 .comment       0x000000000000002d       0x2e c:/intelfpga_lite/21.1/nios2eds/bin/gnu/h-x86_64-mingw32/bin/../lib/gcc/nios2-elf/10.3.1/../../../../../H-x86_64-mingw32/nios2-elf/lib/mno-hw-mul\libsmallc.a(lib_a-strlen.o)
 .comment       0x000000000000002d       0x2e c:/intelfpga_lite/21.1/nios2eds/bin/gnu/h-x86_64-mingw32/bin/../lib/gcc/nios2-elf/10.3.1/../../../../../H-x86_64-mingw32/nios2-elf/lib/mno-hw-mul\libsmallc.a(lib_a-strtol.o)
 .comment       0x000000000000002d       0x2e c:/intelfpga_lite/21.1/nios2eds/bin/gnu/h-x86_64-mingw32/bin/../lib/gcc/nios2-elf/10.3.1/../../../../../H-x86_64-mingw32/nios2-elf/lib/mno-hw-mul\libsmallc.a(lib_a-ctype_.o)
 .comment       0x000000000000002d       0x2e c:/intelfpga_lite/21.1/nios2eds/bin/gnu/h-x86_64-mingw32/bin/../lib/gcc/nios2-elf/10.3.1/../../../../../H-x86_64-mingw32/nios2-elf/lib/mno-hw-mul\libsmallc.a(lib_a-errno.o)
 .comment       0x000000000000002d       0x2e c:/intelfpga_lite/21.1/nios2eds/bin/gnu/h-x86_64-mingw32/bin/../lib/gcc/nios2-elf/10.3.1/../../../../../H-x86_64-mingw32/nios2-elf/lib/mno-hw-mul\libsmallc.a(lib_a-impure.o)
 .comment       0x000000000000002d       0x2e c:/intelfpga_lite/21.1/nios2eds/bin/gnu/h-x86_64-mingw32/bin/../lib/gcc/nios2-elf/10.3.1/mno-hw-mul\libgcc.a(lib2-mul.o)
 .comment       0x000000000000002d       0x2e c:/Users/piotrek/Desktop/nauka/semestr_8/TiN/avalon_reg/software/avalon_reg_bsp/\libhal_bsp.a(alt_load.o)
 .comment       0x000000000000002d       0x2e c:/Users/piotrek/Desktop/nauka/semestr_8/TiN/avalon_reg/software/avalon_reg_bsp/\libhal_bsp.a(alt_main.o)
 .comment       0x000000000000002d       0x2e c:/Users/piotrek/Desktop/nauka/semestr_8/TiN/avalon_reg/software/avalon_reg_bsp/\libhal_bsp.a(alt_putstr.o)
 .comment       0x000000000000002d       0x2e c:/Users/piotrek/Desktop/nauka/semestr_8/TiN/avalon_reg/software/avalon_reg_bsp/\libhal_bsp.a(alt_sys_init.o)
 .comment       0x000000000000002d       0x2e c:/Users/piotrek/Desktop/nauka/semestr_8/TiN/avalon_reg/software/avalon_reg_bsp/\libhal_bsp.a(altera_avalon_jtag_uart_write.o)
 .comment       0x000000000000002d       0x2e c:/Users/piotrek/Desktop/nauka/semestr_8/TiN/avalon_reg/software/avalon_reg_bsp/\libhal_bsp.a(alt_dcache_flush_all.o)
 .comment       0x000000000000002d       0x2e c:/Users/piotrek/Desktop/nauka/semestr_8/TiN/avalon_reg/software/avalon_reg_bsp/\libhal_bsp.a(alt_icache_flush_all.o)
 .comment       0x000000000000002d       0x2e c:/Users/piotrek/Desktop/nauka/semestr_8/TiN/avalon_reg/software/avalon_reg_bsp/\libhal_bsp.a(altera_nios2_gen2_irq.o)
 .comment       0x000000000000002d       0x2e c:/intelfpga_lite/21.1/nios2eds/bin/gnu/h-x86_64-mingw32/bin/../lib/gcc/nios2-elf/10.3.1/../../../../../H-x86_64-mingw32/nios2-elf/lib/mno-hw-mul\libsmallc.a(lib_a-memcpy.o)

.debug
 *(.debug)

.line
 *(.line)

.debug_srcinfo
 *(.debug_srcinfo)

.debug_sfnames
 *(.debug_sfnames)

.debug_aranges  0x0000000000000000      0x278
 *(.debug_aranges)
 .debug_aranges
                0x0000000000000000       0x28 c:/Users/piotrek/Desktop/nauka/semestr_8/TiN/avalon_reg/software/avalon_reg_bsp//obj/HAL/src/crt0.o
 .debug_aranges
                0x0000000000000028       0x20 obj/default/hello_world_small.o
 .debug_aranges
                0x0000000000000048       0x20 c:/intelfpga_lite/21.1/nios2eds/bin/gnu/h-x86_64-mingw32/bin/../lib/gcc/nios2-elf/10.3.1/mno-hw-mul\libgcc.a(lib2-divmod.o)
 .debug_aranges
                0x0000000000000068       0x28 c:/intelfpga_lite/21.1/nios2eds/bin/gnu/h-x86_64-mingw32/bin/../lib/gcc/nios2-elf/10.3.1/../../../../../H-x86_64-mingw32/nios2-elf/lib/mno-hw-mul\libsmallc.a(lib_a-atoi.o)
 .debug_aranges
                0x0000000000000090       0x20 c:/intelfpga_lite/21.1/nios2eds/bin/gnu/h-x86_64-mingw32/bin/../lib/gcc/nios2-elf/10.3.1/../../../../../H-x86_64-mingw32/nios2-elf/lib/mno-hw-mul\libsmallc.a(lib_a-strlen.o)
 .debug_aranges
                0x00000000000000b0       0x38 c:/intelfpga_lite/21.1/nios2eds/bin/gnu/h-x86_64-mingw32/bin/../lib/gcc/nios2-elf/10.3.1/../../../../../H-x86_64-mingw32/nios2-elf/lib/mno-hw-mul\libsmallc.a(lib_a-strtol.o)
 .debug_aranges
                0x00000000000000e8       0x18 c:/intelfpga_lite/21.1/nios2eds/bin/gnu/h-x86_64-mingw32/bin/../lib/gcc/nios2-elf/10.3.1/../../../../../H-x86_64-mingw32/nios2-elf/lib/mno-hw-mul\libsmallc.a(lib_a-ctype_.o)
 .debug_aranges
                0x0000000000000100       0x20 c:/intelfpga_lite/21.1/nios2eds/bin/gnu/h-x86_64-mingw32/bin/../lib/gcc/nios2-elf/10.3.1/../../../../../H-x86_64-mingw32/nios2-elf/lib/mno-hw-mul\libsmallc.a(lib_a-errno.o)
 .debug_aranges
                0x0000000000000120       0x18 c:/intelfpga_lite/21.1/nios2eds/bin/gnu/h-x86_64-mingw32/bin/../lib/gcc/nios2-elf/10.3.1/../../../../../H-x86_64-mingw32/nios2-elf/lib/mno-hw-mul\libsmallc.a(lib_a-impure.o)
 .debug_aranges
                0x0000000000000138       0x20 c:/intelfpga_lite/21.1/nios2eds/bin/gnu/h-x86_64-mingw32/bin/../lib/gcc/nios2-elf/10.3.1/mno-hw-mul\libgcc.a(lib2-mul.o)
 .debug_aranges
                0x0000000000000158       0x20 c:/Users/piotrek/Desktop/nauka/semestr_8/TiN/avalon_reg/software/avalon_reg_bsp/\libhal_bsp.a(alt_load.o)
 .debug_aranges
                0x0000000000000178       0x20 c:/Users/piotrek/Desktop/nauka/semestr_8/TiN/avalon_reg/software/avalon_reg_bsp/\libhal_bsp.a(alt_main.o)
 .debug_aranges
                0x0000000000000198       0x20 c:/Users/piotrek/Desktop/nauka/semestr_8/TiN/avalon_reg/software/avalon_reg_bsp/\libhal_bsp.a(alt_putstr.o)
 .debug_aranges
                0x00000000000001b8       0x20 c:/Users/piotrek/Desktop/nauka/semestr_8/TiN/avalon_reg/software/avalon_reg_bsp/\libhal_bsp.a(alt_sys_init.o)
 .debug_aranges
                0x00000000000001d8       0x20 c:/Users/piotrek/Desktop/nauka/semestr_8/TiN/avalon_reg/software/avalon_reg_bsp/\libhal_bsp.a(altera_avalon_jtag_uart_write.o)
 .debug_aranges
                0x00000000000001f8       0x20 c:/Users/piotrek/Desktop/nauka/semestr_8/TiN/avalon_reg/software/avalon_reg_bsp/\libhal_bsp.a(alt_dcache_flush_all.o)
 .debug_aranges
                0x0000000000000218       0x20 c:/Users/piotrek/Desktop/nauka/semestr_8/TiN/avalon_reg/software/avalon_reg_bsp/\libhal_bsp.a(alt_icache_flush_all.o)
 .debug_aranges
                0x0000000000000238       0x20 c:/Users/piotrek/Desktop/nauka/semestr_8/TiN/avalon_reg/software/avalon_reg_bsp/\libhal_bsp.a(altera_nios2_gen2_irq.o)
 .debug_aranges
                0x0000000000000258       0x20 c:/intelfpga_lite/21.1/nios2eds/bin/gnu/h-x86_64-mingw32/bin/../lib/gcc/nios2-elf/10.3.1/../../../../../H-x86_64-mingw32/nios2-elf/lib/mno-hw-mul\libsmallc.a(lib_a-memcpy.o)

.debug_pubnames
 *(.debug_pubnames)

.debug_info     0x0000000000000000     0x32a0
 *(.debug_info .gnu.linkonce.wi.*)
 .debug_info    0x0000000000000000       0x22 c:/Users/piotrek/Desktop/nauka/semestr_8/TiN/avalon_reg/software/avalon_reg_bsp//obj/HAL/src/crt0.o
 .debug_info    0x0000000000000022      0x318 obj/default/hello_world_small.o
 .debug_info    0x000000000000033a      0x368 c:/intelfpga_lite/21.1/nios2eds/bin/gnu/h-x86_64-mingw32/bin/../lib/gcc/nios2-elf/10.3.1/mno-hw-mul\libgcc.a(lib2-divmod.o)
 .debug_info    0x00000000000006a2      0x6a2 c:/intelfpga_lite/21.1/nios2eds/bin/gnu/h-x86_64-mingw32/bin/../lib/gcc/nios2-elf/10.3.1/../../../../../H-x86_64-mingw32/nios2-elf/lib/mno-hw-mul\libsmallc.a(lib_a-atoi.o)
 .debug_info    0x0000000000000d44       0xd0 c:/intelfpga_lite/21.1/nios2eds/bin/gnu/h-x86_64-mingw32/bin/../lib/gcc/nios2-elf/10.3.1/../../../../../H-x86_64-mingw32/nios2-elf/lib/mno-hw-mul\libsmallc.a(lib_a-strlen.o)
 .debug_info    0x0000000000000e14      0xcad c:/intelfpga_lite/21.1/nios2eds/bin/gnu/h-x86_64-mingw32/bin/../lib/gcc/nios2-elf/10.3.1/../../../../../H-x86_64-mingw32/nios2-elf/lib/mno-hw-mul\libsmallc.a(lib_a-strtol.o)
 .debug_info    0x0000000000001ac1       0xec c:/intelfpga_lite/21.1/nios2eds/bin/gnu/h-x86_64-mingw32/bin/../lib/gcc/nios2-elf/10.3.1/../../../../../H-x86_64-mingw32/nios2-elf/lib/mno-hw-mul\libsmallc.a(lib_a-ctype_.o)
 .debug_info    0x0000000000001bad      0x608 c:/intelfpga_lite/21.1/nios2eds/bin/gnu/h-x86_64-mingw32/bin/../lib/gcc/nios2-elf/10.3.1/../../../../../H-x86_64-mingw32/nios2-elf/lib/mno-hw-mul\libsmallc.a(lib_a-errno.o)
 .debug_info    0x00000000000021b5      0x61e c:/intelfpga_lite/21.1/nios2eds/bin/gnu/h-x86_64-mingw32/bin/../lib/gcc/nios2-elf/10.3.1/../../../../../H-x86_64-mingw32/nios2-elf/lib/mno-hw-mul\libsmallc.a(lib_a-impure.o)
 .debug_info    0x00000000000027d3       0xcb c:/intelfpga_lite/21.1/nios2eds/bin/gnu/h-x86_64-mingw32/bin/../lib/gcc/nios2-elf/10.3.1/mno-hw-mul\libgcc.a(lib2-mul.o)
 .debug_info    0x000000000000289e      0x267 c:/Users/piotrek/Desktop/nauka/semestr_8/TiN/avalon_reg/software/avalon_reg_bsp/\libhal_bsp.a(alt_load.o)
 .debug_info    0x0000000000002b05      0x129 c:/Users/piotrek/Desktop/nauka/semestr_8/TiN/avalon_reg/software/avalon_reg_bsp/\libhal_bsp.a(alt_main.o)
 .debug_info    0x0000000000002c2e      0x132 c:/Users/piotrek/Desktop/nauka/semestr_8/TiN/avalon_reg/software/avalon_reg_bsp/\libhal_bsp.a(alt_putstr.o)
 .debug_info    0x0000000000002d60      0x12a c:/Users/piotrek/Desktop/nauka/semestr_8/TiN/avalon_reg/software/avalon_reg_bsp/\libhal_bsp.a(alt_sys_init.o)
 .debug_info    0x0000000000002e8a      0x14a c:/Users/piotrek/Desktop/nauka/semestr_8/TiN/avalon_reg/software/avalon_reg_bsp/\libhal_bsp.a(altera_avalon_jtag_uart_write.o)
 .debug_info    0x0000000000002fd4       0x8c c:/Users/piotrek/Desktop/nauka/semestr_8/TiN/avalon_reg/software/avalon_reg_bsp/\libhal_bsp.a(alt_dcache_flush_all.o)
 .debug_info    0x0000000000003060       0x8c c:/Users/piotrek/Desktop/nauka/semestr_8/TiN/avalon_reg/software/avalon_reg_bsp/\libhal_bsp.a(alt_icache_flush_all.o)
 .debug_info    0x00000000000030ec       0x8c c:/Users/piotrek/Desktop/nauka/semestr_8/TiN/avalon_reg/software/avalon_reg_bsp/\libhal_bsp.a(altera_nios2_gen2_irq.o)
 .debug_info    0x0000000000003178      0x128 c:/intelfpga_lite/21.1/nios2eds/bin/gnu/h-x86_64-mingw32/bin/../lib/gcc/nios2-elf/10.3.1/../../../../../H-x86_64-mingw32/nios2-elf/lib/mno-hw-mul\libsmallc.a(lib_a-memcpy.o)

.debug_abbrev   0x0000000000000000     0x11a9
 *(.debug_abbrev)
 .debug_abbrev  0x0000000000000000       0x12 c:/Users/piotrek/Desktop/nauka/semestr_8/TiN/avalon_reg/software/avalon_reg_bsp//obj/HAL/src/crt0.o
 .debug_abbrev  0x0000000000000012      0x136 obj/default/hello_world_small.o
 .debug_abbrev  0x0000000000000148      0x103 c:/intelfpga_lite/21.1/nios2eds/bin/gnu/h-x86_64-mingw32/bin/../lib/gcc/nios2-elf/10.3.1/mno-hw-mul\libgcc.a(lib2-divmod.o)
 .debug_abbrev  0x000000000000024b      0x1b0 c:/intelfpga_lite/21.1/nios2eds/bin/gnu/h-x86_64-mingw32/bin/../lib/gcc/nios2-elf/10.3.1/../../../../../H-x86_64-mingw32/nios2-elf/lib/mno-hw-mul\libsmallc.a(lib_a-atoi.o)
 .debug_abbrev  0x00000000000003fb       0x8d c:/intelfpga_lite/21.1/nios2eds/bin/gnu/h-x86_64-mingw32/bin/../lib/gcc/nios2-elf/10.3.1/../../../../../H-x86_64-mingw32/nios2-elf/lib/mno-hw-mul\libsmallc.a(lib_a-strlen.o)
 .debug_abbrev  0x0000000000000488      0x2f9 c:/intelfpga_lite/21.1/nios2eds/bin/gnu/h-x86_64-mingw32/bin/../lib/gcc/nios2-elf/10.3.1/../../../../../H-x86_64-mingw32/nios2-elf/lib/mno-hw-mul\libsmallc.a(lib_a-strtol.o)
 .debug_abbrev  0x0000000000000781       0x73 c:/intelfpga_lite/21.1/nios2eds/bin/gnu/h-x86_64-mingw32/bin/../lib/gcc/nios2-elf/10.3.1/../../../../../H-x86_64-mingw32/nios2-elf/lib/mno-hw-mul\libsmallc.a(lib_a-ctype_.o)
 .debug_abbrev  0x00000000000007f4      0x180 c:/intelfpga_lite/21.1/nios2eds/bin/gnu/h-x86_64-mingw32/bin/../lib/gcc/nios2-elf/10.3.1/../../../../../H-x86_64-mingw32/nios2-elf/lib/mno-hw-mul\libsmallc.a(lib_a-errno.o)
 .debug_abbrev  0x0000000000000974      0x17a c:/intelfpga_lite/21.1/nios2eds/bin/gnu/h-x86_64-mingw32/bin/../lib/gcc/nios2-elf/10.3.1/../../../../../H-x86_64-mingw32/nios2-elf/lib/mno-hw-mul\libsmallc.a(lib_a-impure.o)
 .debug_abbrev  0x0000000000000aee       0x7d c:/intelfpga_lite/21.1/nios2eds/bin/gnu/h-x86_64-mingw32/bin/../lib/gcc/nios2-elf/10.3.1/mno-hw-mul\libgcc.a(lib2-mul.o)
 .debug_abbrev  0x0000000000000b6b      0x125 c:/Users/piotrek/Desktop/nauka/semestr_8/TiN/avalon_reg/software/avalon_reg_bsp/\libhal_bsp.a(alt_load.o)
 .debug_abbrev  0x0000000000000c90       0xba c:/Users/piotrek/Desktop/nauka/semestr_8/TiN/avalon_reg/software/avalon_reg_bsp/\libhal_bsp.a(alt_main.o)
 .debug_abbrev  0x0000000000000d4a       0xe0 c:/Users/piotrek/Desktop/nauka/semestr_8/TiN/avalon_reg/software/avalon_reg_bsp/\libhal_bsp.a(alt_putstr.o)
 .debug_abbrev  0x0000000000000e2a      0x10b c:/Users/piotrek/Desktop/nauka/semestr_8/TiN/avalon_reg/software/avalon_reg_bsp/\libhal_bsp.a(alt_sys_init.o)
 .debug_abbrev  0x0000000000000f35       0xea c:/Users/piotrek/Desktop/nauka/semestr_8/TiN/avalon_reg/software/avalon_reg_bsp/\libhal_bsp.a(altera_avalon_jtag_uart_write.o)
 .debug_abbrev  0x000000000000101f       0x44 c:/Users/piotrek/Desktop/nauka/semestr_8/TiN/avalon_reg/software/avalon_reg_bsp/\libhal_bsp.a(alt_dcache_flush_all.o)
 .debug_abbrev  0x0000000000001063       0x44 c:/Users/piotrek/Desktop/nauka/semestr_8/TiN/avalon_reg/software/avalon_reg_bsp/\libhal_bsp.a(alt_icache_flush_all.o)
 .debug_abbrev  0x00000000000010a7       0x44 c:/Users/piotrek/Desktop/nauka/semestr_8/TiN/avalon_reg/software/avalon_reg_bsp/\libhal_bsp.a(altera_nios2_gen2_irq.o)
 .debug_abbrev  0x00000000000010eb       0xbe c:/intelfpga_lite/21.1/nios2eds/bin/gnu/h-x86_64-mingw32/bin/../lib/gcc/nios2-elf/10.3.1/../../../../../H-x86_64-mingw32/nios2-elf/lib/mno-hw-mul\libsmallc.a(lib_a-memcpy.o)

.debug_line     0x0000000000000000     0x18c4
 *(.debug_line)
 .debug_line    0x0000000000000000       0x66 c:/Users/piotrek/Desktop/nauka/semestr_8/TiN/avalon_reg/software/avalon_reg_bsp//obj/HAL/src/crt0.o
 .debug_line    0x0000000000000066      0x1eb obj/default/hello_world_small.o
 .debug_line    0x0000000000000251      0x306 c:/intelfpga_lite/21.1/nios2eds/bin/gnu/h-x86_64-mingw32/bin/../lib/gcc/nios2-elf/10.3.1/mno-hw-mul\libgcc.a(lib2-divmod.o)
 .debug_line    0x0000000000000557      0x205 c:/intelfpga_lite/21.1/nios2eds/bin/gnu/h-x86_64-mingw32/bin/../lib/gcc/nios2-elf/10.3.1/../../../../../H-x86_64-mingw32/nios2-elf/lib/mno-hw-mul\libsmallc.a(lib_a-atoi.o)
 .debug_line    0x000000000000075c      0x17d c:/intelfpga_lite/21.1/nios2eds/bin/gnu/h-x86_64-mingw32/bin/../lib/gcc/nios2-elf/10.3.1/../../../../../H-x86_64-mingw32/nios2-elf/lib/mno-hw-mul\libsmallc.a(lib_a-strlen.o)
 .debug_line    0x00000000000008d9      0x4a5 c:/intelfpga_lite/21.1/nios2eds/bin/gnu/h-x86_64-mingw32/bin/../lib/gcc/nios2-elf/10.3.1/../../../../../H-x86_64-mingw32/nios2-elf/lib/mno-hw-mul\libsmallc.a(lib_a-strtol.o)
 .debug_line    0x0000000000000d7e       0xd8 c:/intelfpga_lite/21.1/nios2eds/bin/gnu/h-x86_64-mingw32/bin/../lib/gcc/nios2-elf/10.3.1/../../../../../H-x86_64-mingw32/nios2-elf/lib/mno-hw-mul\libsmallc.a(lib_a-ctype_.o)
 .debug_line    0x0000000000000e56      0x17f c:/intelfpga_lite/21.1/nios2eds/bin/gnu/h-x86_64-mingw32/bin/../lib/gcc/nios2-elf/10.3.1/../../../../../H-x86_64-mingw32/nios2-elf/lib/mno-hw-mul\libsmallc.a(lib_a-errno.o)
 .debug_line    0x0000000000000fd5      0x15d c:/intelfpga_lite/21.1/nios2eds/bin/gnu/h-x86_64-mingw32/bin/../lib/gcc/nios2-elf/10.3.1/../../../../../H-x86_64-mingw32/nios2-elf/lib/mno-hw-mul\libsmallc.a(lib_a-impure.o)
 .debug_line    0x0000000000001132       0xb7 c:/intelfpga_lite/21.1/nios2eds/bin/gnu/h-x86_64-mingw32/bin/../lib/gcc/nios2-elf/10.3.1/mno-hw-mul\libgcc.a(lib2-mul.o)
 .debug_line    0x00000000000011e9      0x101 c:/Users/piotrek/Desktop/nauka/semestr_8/TiN/avalon_reg/software/avalon_reg_bsp/\libhal_bsp.a(alt_load.o)
 .debug_line    0x00000000000012ea       0xe0 c:/Users/piotrek/Desktop/nauka/semestr_8/TiN/avalon_reg/software/avalon_reg_bsp/\libhal_bsp.a(alt_main.o)
 .debug_line    0x00000000000013ca       0xb9 c:/Users/piotrek/Desktop/nauka/semestr_8/TiN/avalon_reg/software/avalon_reg_bsp/\libhal_bsp.a(alt_putstr.o)
 .debug_line    0x0000000000001483       0xe0 c:/Users/piotrek/Desktop/nauka/semestr_8/TiN/avalon_reg/software/avalon_reg_bsp/\libhal_bsp.a(alt_sys_init.o)
 .debug_line    0x0000000000001563       0xd6 c:/Users/piotrek/Desktop/nauka/semestr_8/TiN/avalon_reg/software/avalon_reg_bsp/\libhal_bsp.a(altera_avalon_jtag_uart_write.o)
 .debug_line    0x0000000000001639       0x53 c:/Users/piotrek/Desktop/nauka/semestr_8/TiN/avalon_reg/software/avalon_reg_bsp/\libhal_bsp.a(alt_dcache_flush_all.o)
 .debug_line    0x000000000000168c       0x51 c:/Users/piotrek/Desktop/nauka/semestr_8/TiN/avalon_reg/software/avalon_reg_bsp/\libhal_bsp.a(alt_icache_flush_all.o)
 .debug_line    0x00000000000016dd       0x5a c:/Users/piotrek/Desktop/nauka/semestr_8/TiN/avalon_reg/software/avalon_reg_bsp/\libhal_bsp.a(altera_nios2_gen2_irq.o)
 .debug_line    0x0000000000001737      0x18d c:/intelfpga_lite/21.1/nios2eds/bin/gnu/h-x86_64-mingw32/bin/../lib/gcc/nios2-elf/10.3.1/../../../../../H-x86_64-mingw32/nios2-elf/lib/mno-hw-mul\libsmallc.a(lib_a-memcpy.o)

.debug_frame    0x0000000000000000      0x450
 *(.debug_frame)
 .debug_frame   0x0000000000000000      0x188 obj/default/hello_world_small.o
 .debug_frame   0x0000000000000188       0x50 c:/intelfpga_lite/21.1/nios2eds/bin/gnu/h-x86_64-mingw32/bin/../lib/gcc/nios2-elf/10.3.1/mno-hw-mul\libgcc.a(lib2-divmod.o)
 .debug_frame   0x00000000000001d8       0x30 c:/intelfpga_lite/21.1/nios2eds/bin/gnu/h-x86_64-mingw32/bin/../lib/gcc/nios2-elf/10.3.1/../../../../../H-x86_64-mingw32/nios2-elf/lib/mno-hw-mul\libsmallc.a(lib_a-atoi.o)
 .debug_frame   0x0000000000000208       0x20 c:/intelfpga_lite/21.1/nios2eds/bin/gnu/h-x86_64-mingw32/bin/../lib/gcc/nios2-elf/10.3.1/../../../../../H-x86_64-mingw32/nios2-elf/lib/mno-hw-mul\libsmallc.a(lib_a-strlen.o)
 .debug_frame   0x0000000000000228       0x84 c:/intelfpga_lite/21.1/nios2eds/bin/gnu/h-x86_64-mingw32/bin/../lib/gcc/nios2-elf/10.3.1/../../../../../H-x86_64-mingw32/nios2-elf/lib/mno-hw-mul\libsmallc.a(lib_a-strtol.o)
 .debug_frame   0x00000000000002ac       0x20 c:/intelfpga_lite/21.1/nios2eds/bin/gnu/h-x86_64-mingw32/bin/../lib/gcc/nios2-elf/10.3.1/../../../../../H-x86_64-mingw32/nios2-elf/lib/mno-hw-mul\libsmallc.a(lib_a-errno.o)
 .debug_frame   0x00000000000002cc       0x20 c:/intelfpga_lite/21.1/nios2eds/bin/gnu/h-x86_64-mingw32/bin/../lib/gcc/nios2-elf/10.3.1/mno-hw-mul\libgcc.a(lib2-mul.o)
 .debug_frame   0x00000000000002ec       0x2c c:/Users/piotrek/Desktop/nauka/semestr_8/TiN/avalon_reg/software/avalon_reg_bsp/\libhal_bsp.a(alt_load.o)
 .debug_frame   0x0000000000000318       0x2c c:/Users/piotrek/Desktop/nauka/semestr_8/TiN/avalon_reg/software/avalon_reg_bsp/\libhal_bsp.a(alt_main.o)
 .debug_frame   0x0000000000000344       0x30 c:/Users/piotrek/Desktop/nauka/semestr_8/TiN/avalon_reg/software/avalon_reg_bsp/\libhal_bsp.a(alt_putstr.o)
 .debug_frame   0x0000000000000374       0x3c c:/Users/piotrek/Desktop/nauka/semestr_8/TiN/avalon_reg/software/avalon_reg_bsp/\libhal_bsp.a(alt_sys_init.o)
 .debug_frame   0x00000000000003b0       0x20 c:/Users/piotrek/Desktop/nauka/semestr_8/TiN/avalon_reg/software/avalon_reg_bsp/\libhal_bsp.a(altera_avalon_jtag_uart_write.o)
 .debug_frame   0x00000000000003d0       0x20 c:/Users/piotrek/Desktop/nauka/semestr_8/TiN/avalon_reg/software/avalon_reg_bsp/\libhal_bsp.a(alt_dcache_flush_all.o)
 .debug_frame   0x00000000000003f0       0x20 c:/Users/piotrek/Desktop/nauka/semestr_8/TiN/avalon_reg/software/avalon_reg_bsp/\libhal_bsp.a(alt_icache_flush_all.o)
 .debug_frame   0x0000000000000410       0x20 c:/Users/piotrek/Desktop/nauka/semestr_8/TiN/avalon_reg/software/avalon_reg_bsp/\libhal_bsp.a(altera_nios2_gen2_irq.o)
 .debug_frame   0x0000000000000430       0x20 c:/intelfpga_lite/21.1/nios2eds/bin/gnu/h-x86_64-mingw32/bin/../lib/gcc/nios2-elf/10.3.1/../../../../../H-x86_64-mingw32/nios2-elf/lib/mno-hw-mul\libsmallc.a(lib_a-memcpy.o)

.debug_str      0x0000000000000000     0x1140
 *(.debug_str)
 .debug_str     0x0000000000000000       0x6e c:/Users/piotrek/Desktop/nauka/semestr_8/TiN/avalon_reg/software/avalon_reg_bsp//obj/HAL/src/crt0.o
 .debug_str     0x000000000000006e      0x1da obj/default/hello_world_small.o
                                        0x233 (size before relaxing)
 .debug_str     0x0000000000000248      0x195 c:/intelfpga_lite/21.1/nios2eds/bin/gnu/h-x86_64-mingw32/bin/../lib/gcc/nios2-elf/10.3.1/mno-hw-mul\libgcc.a(lib2-divmod.o)
                                        0x1e0 (size before relaxing)
 .debug_str     0x00000000000003dd      0x3fe c:/intelfpga_lite/21.1/nios2eds/bin/gnu/h-x86_64-mingw32/bin/../lib/gcc/nios2-elf/10.3.1/../../../../../H-x86_64-mingw32/nios2-elf/lib/mno-hw-mul\libsmallc.a(lib_a-atoi.o)
                                        0x4bb (size before relaxing)
 .debug_str     0x00000000000007db       0xe3 c:/intelfpga_lite/21.1/nios2eds/bin/gnu/h-x86_64-mingw32/bin/../lib/gcc/nios2-elf/10.3.1/../../../../../H-x86_64-mingw32/nios2-elf/lib/mno-hw-mul\libsmallc.a(lib_a-strlen.o)
                                        0x1dc (size before relaxing)
 .debug_str     0x00000000000008be      0x21e c:/intelfpga_lite/21.1/nios2eds/bin/gnu/h-x86_64-mingw32/bin/../lib/gcc/nios2-elf/10.3.1/../../../../../H-x86_64-mingw32/nios2-elf/lib/mno-hw-mul\libsmallc.a(lib_a-strtol.o)
                                        0x755 (size before relaxing)
 .debug_str     0x0000000000000adc       0xdc c:/intelfpga_lite/21.1/nios2eds/bin/gnu/h-x86_64-mingw32/bin/../lib/gcc/nios2-elf/10.3.1/../../../../../H-x86_64-mingw32/nios2-elf/lib/mno-hw-mul\libsmallc.a(lib_a-ctype_.o)
                                        0x1d7 (size before relaxing)
 .debug_str     0x0000000000000bb8       0xd2 c:/intelfpga_lite/21.1/nios2eds/bin/gnu/h-x86_64-mingw32/bin/../lib/gcc/nios2-elf/10.3.1/../../../../../H-x86_64-mingw32/nios2-elf/lib/mno-hw-mul\libsmallc.a(lib_a-errno.o)
                                        0x4b0 (size before relaxing)
 .debug_str     0x0000000000000c8a       0xf2 c:/intelfpga_lite/21.1/nios2eds/bin/gnu/h-x86_64-mingw32/bin/../lib/gcc/nios2-elf/10.3.1/../../../../../H-x86_64-mingw32/nios2-elf/lib/mno-hw-mul\libsmallc.a(lib_a-impure.o)
                                        0x4c8 (size before relaxing)
 .debug_str     0x0000000000000d7c       0x3a c:/intelfpga_lite/21.1/nios2eds/bin/gnu/h-x86_64-mingw32/bin/../lib/gcc/nios2-elf/10.3.1/mno-hw-mul\libgcc.a(lib2-mul.o)
                                        0x1a1 (size before relaxing)
 .debug_str     0x0000000000000db6      0x17f c:/Users/piotrek/Desktop/nauka/semestr_8/TiN/avalon_reg/software/avalon_reg_bsp/\libhal_bsp.a(alt_load.o)
                                        0x26b (size before relaxing)
 .debug_str     0x0000000000000f35       0x5e c:/Users/piotrek/Desktop/nauka/semestr_8/TiN/avalon_reg/software/avalon_reg_bsp/\libhal_bsp.a(alt_main.o)
                                        0x19b (size before relaxing)
 .debug_str     0x0000000000000f93       0x6a c:/Users/piotrek/Desktop/nauka/semestr_8/TiN/avalon_reg/software/avalon_reg_bsp/\libhal_bsp.a(alt_putstr.o)
                                        0x1a9 (size before relaxing)
 .debug_str     0x0000000000000ffd       0x66 c:/Users/piotrek/Desktop/nauka/semestr_8/TiN/avalon_reg/software/avalon_reg_bsp/\libhal_bsp.a(alt_sys_init.o)
                                        0x1e9 (size before relaxing)
 .debug_str     0x0000000000001063       0x2c c:/Users/piotrek/Desktop/nauka/semestr_8/TiN/avalon_reg/software/avalon_reg_bsp/\libhal_bsp.a(altera_avalon_jtag_uart_write.o)
                                        0x1d8 (size before relaxing)
 .debug_str     0x000000000000108f       0x1f c:/Users/piotrek/Desktop/nauka/semestr_8/TiN/avalon_reg/software/avalon_reg_bsp/\libhal_bsp.a(alt_dcache_flush_all.o)
                                        0x16c (size before relaxing)
 .debug_str     0x00000000000010ae       0x1f c:/Users/piotrek/Desktop/nauka/semestr_8/TiN/avalon_reg/software/avalon_reg_bsp/\libhal_bsp.a(alt_icache_flush_all.o)
                                        0x16c (size before relaxing)
 .debug_str     0x00000000000010cd       0x20 c:/Users/piotrek/Desktop/nauka/semestr_8/TiN/avalon_reg/software/avalon_reg_bsp/\libhal_bsp.a(altera_nios2_gen2_irq.o)
                                        0x173 (size before relaxing)
 .debug_str     0x00000000000010ed       0x53 c:/intelfpga_lite/21.1/nios2eds/bin/gnu/h-x86_64-mingw32/bin/../lib/gcc/nios2-elf/10.3.1/../../../../../H-x86_64-mingw32/nios2-elf/lib/mno-hw-mul\libsmallc.a(lib_a-memcpy.o)
                                        0x1ea (size before relaxing)

.debug_loc      0x0000000000000000     0x1071
 *(.debug_loc)
 .debug_loc     0x0000000000000000      0x5d0 c:/intelfpga_lite/21.1/nios2eds/bin/gnu/h-x86_64-mingw32/bin/../lib/gcc/nios2-elf/10.3.1/mno-hw-mul\libgcc.a(lib2-divmod.o)
 .debug_loc     0x00000000000005d0       0x6f c:/intelfpga_lite/21.1/nios2eds/bin/gnu/h-x86_64-mingw32/bin/../lib/gcc/nios2-elf/10.3.1/../../../../../H-x86_64-mingw32/nios2-elf/lib/mno-hw-mul\libsmallc.a(lib_a-atoi.o)
 .debug_loc     0x000000000000063f       0x44 c:/intelfpga_lite/21.1/nios2eds/bin/gnu/h-x86_64-mingw32/bin/../lib/gcc/nios2-elf/10.3.1/../../../../../H-x86_64-mingw32/nios2-elf/lib/mno-hw-mul\libsmallc.a(lib_a-strlen.o)
 .debug_loc     0x0000000000000683      0x726 c:/intelfpga_lite/21.1/nios2eds/bin/gnu/h-x86_64-mingw32/bin/../lib/gcc/nios2-elf/10.3.1/../../../../../H-x86_64-mingw32/nios2-elf/lib/mno-hw-mul\libsmallc.a(lib_a-strtol.o)
 .debug_loc     0x0000000000000da9       0xa7 c:/intelfpga_lite/21.1/nios2eds/bin/gnu/h-x86_64-mingw32/bin/../lib/gcc/nios2-elf/10.3.1/mno-hw-mul\libgcc.a(lib2-mul.o)
 .debug_loc     0x0000000000000e50       0x3f c:/Users/piotrek/Desktop/nauka/semestr_8/TiN/avalon_reg/software/avalon_reg_bsp/\libhal_bsp.a(alt_putstr.o)
 .debug_loc     0x0000000000000e8f       0x25 c:/Users/piotrek/Desktop/nauka/semestr_8/TiN/avalon_reg/software/avalon_reg_bsp/\libhal_bsp.a(alt_sys_init.o)
 .debug_loc     0x0000000000000eb4       0x93 c:/Users/piotrek/Desktop/nauka/semestr_8/TiN/avalon_reg/software/avalon_reg_bsp/\libhal_bsp.a(altera_avalon_jtag_uart_write.o)
 .debug_loc     0x0000000000000f47      0x12a c:/intelfpga_lite/21.1/nios2eds/bin/gnu/h-x86_64-mingw32/bin/../lib/gcc/nios2-elf/10.3.1/../../../../../H-x86_64-mingw32/nios2-elf/lib/mno-hw-mul\libsmallc.a(lib_a-memcpy.o)

.debug_macinfo
 *(.debug_macinfo)

.debug_weaknames
 *(.debug_weaknames)

.debug_funcnames
 *(.debug_funcnames)

.debug_typenames
 *(.debug_typenames)

.debug_varnames
 *(.debug_varnames)

.debug_alt_sim_info
                0x0000000000000000       0x10
 *(.debug_alt_sim_info)
 .debug_alt_sim_info
                0x0000000000000000       0x10 c:/Users/piotrek/Desktop/nauka/semestr_8/TiN/avalon_reg/software/avalon_reg_bsp//obj/HAL/src/crt0.o
                0x0000000000010000                __alt_data_end = 0x10000
                0x0000000000010000                PROVIDE (__alt_stack_pointer = __alt_data_end)
                [!provide]                        PROVIDE (__alt_stack_limit = __alt_stack_base)
                [!provide]                        PROVIDE (__alt_heap_start = end)
                [!provide]                        PROVIDE (__alt_heap_limit = 0x10000)
OUTPUT(avalon_reg.elf elf32-littlenios2)
LOAD linker stubs

.debug_ranges   0x0000000000000000      0x148
 .debug_ranges  0x0000000000000000       0x20 c:/Users/piotrek/Desktop/nauka/semestr_8/TiN/avalon_reg/software/avalon_reg_bsp//obj/HAL/src/crt0.o
 .debug_ranges  0x0000000000000020       0x70 c:/intelfpga_lite/21.1/nios2eds/bin/gnu/h-x86_64-mingw32/bin/../lib/gcc/nios2-elf/10.3.1/mno-hw-mul\libgcc.a(lib2-divmod.o)
 .debug_ranges  0x0000000000000090       0x18 c:/intelfpga_lite/21.1/nios2eds/bin/gnu/h-x86_64-mingw32/bin/../lib/gcc/nios2-elf/10.3.1/../../../../../H-x86_64-mingw32/nios2-elf/lib/mno-hw-mul\libsmallc.a(lib_a-atoi.o)
 .debug_ranges  0x00000000000000a8       0x10 c:/intelfpga_lite/21.1/nios2eds/bin/gnu/h-x86_64-mingw32/bin/../lib/gcc/nios2-elf/10.3.1/../../../../../H-x86_64-mingw32/nios2-elf/lib/mno-hw-mul\libsmallc.a(lib_a-strlen.o)
 .debug_ranges  0x00000000000000b8       0x40 c:/intelfpga_lite/21.1/nios2eds/bin/gnu/h-x86_64-mingw32/bin/../lib/gcc/nios2-elf/10.3.1/../../../../../H-x86_64-mingw32/nios2-elf/lib/mno-hw-mul\libsmallc.a(lib_a-strtol.o)
 .debug_ranges  0x00000000000000f8       0x10 c:/intelfpga_lite/21.1/nios2eds/bin/gnu/h-x86_64-mingw32/bin/../lib/gcc/nios2-elf/10.3.1/../../../../../H-x86_64-mingw32/nios2-elf/lib/mno-hw-mul\libsmallc.a(lib_a-errno.o)
 .debug_ranges  0x0000000000000108       0x30 c:/Users/piotrek/Desktop/nauka/semestr_8/TiN/avalon_reg/software/avalon_reg_bsp/\libhal_bsp.a(alt_load.o)
 .debug_ranges  0x0000000000000138       0x10 c:/intelfpga_lite/21.1/nios2eds/bin/gnu/h-x86_64-mingw32/bin/../lib/gcc/nios2-elf/10.3.1/../../../../../H-x86_64-mingw32/nios2-elf/lib/mno-hw-mul\libsmallc.a(lib_a-memcpy.o)
